// Jest Snapshot v1, https://goo.gl/fbAQLP

exports[`Navbar renders correctly 1`] = `
<nav
  className="navbar is-transparent"
>
  <div
    className="container"
  >
    <div
      className="navbar-brand"
    >
      <a
        className="navbar-item"
        href="/"
      >
        <figure
          className="image"
        >
          <img
            alt="jazwiecki"
            class="logo"
            src="test-file-stub"
          />
        </figure>
      </a>
    </div>
    <div
      className="navbar-end"
    >
      <a
        className="navbar-item"
        href="https://github.com/jazwiecki"
        rel="noopener noreferrer"
        target="_blank"
      >
        <span
          className="icon"
        >
          <img
            alt="Github"
            src="test-file-stub"
          />
        </span>
      </a>
    </div>
  </div>
</nav>
`;
